▲ Next.js 16.1.6 (webpack)

  Creating an optimized production build ...
✓ Compiled successfully in 13.4s
  Skipping validation of types
  Collecting page data using 5 workers ...
  Generating static pages using 5 workers (0/5) ...
  Generating static pages using 5 workers (1/5) 
  Generating static pages using 5 workers (2/5) 
  Generating static pages using 5 workers (3/5) 
✓ Generating static pages using 5 workers (5/5) in 241.1ms
  Finalizing page optimization ...
  Collecting build traces ...

Route (app)
┌ ○ /
├ ○ /_not-found
├ ƒ /album/[id]
├ ƒ /api/auth/[...nextauth]
├ ƒ /artist/[id]
├ ○ /digging
├ ○ /home
├ ƒ /playlist/[id]
└ ƒ /song/[id]


○  (Static)   prerendered as static content
ƒ  (Dynamic)  server-rendered on demand

